c:\users\student\desktop\desktopfile\2dactiongame\2dactiongame\directx_ver.action\debug\vc142.pdb
c:\users\student\desktop\desktopfile\2dactiongame\2dactiongame\directx_ver.action\debug\vc142.idb
c:\users\student\desktop\desktopfile\2dactiongame\2dactiongame\directx_ver.action\debug\title.obj
c:\users\student\desktop\desktopfile\2dactiongame\2dactiongame\directx_ver.action\debug\stage.obj
c:\users\student\desktop\desktopfile\2dactiongame\2dactiongame\directx_ver.action\debug\resultbg.obj
c:\users\student\desktop\desktopfile\2dactiongame\2dactiongame\directx_ver.action\debug\result.obj
c:\users\student\desktop\desktopfile\2dactiongame\2dactiongame\directx_ver.action\debug\read_binui.obj
c:\users\student\desktop\desktopfile\2dactiongame\2dactiongame\directx_ver.action\debug\player.obj
c:\users\student\desktop\desktopfile\2dactiongame\2dactiongame\directx_ver.action\debug\pause.obj
c:\users\student\desktop\desktopfile\2dactiongame\2dactiongame\directx_ver.action\debug\particle.obj
c:\users\student\desktop\desktopfile\2dactiongame\2dactiongame\directx_ver.action\debug\mathutil.obj
c:\users\student\desktop\desktopfile\2dactiongame\2dactiongame\directx_ver.action\debug\main.obj
c:\users\student\desktop\desktopfile\2dactiongame\2dactiongame\directx_ver.action\debug\item.obj
c:\users\student\desktop\desktopfile\2dactiongame\2dactiongame\directx_ver.action\debug\input.obj
c:\users\student\desktop\desktopfile\2dactiongame\2dactiongame\directx_ver.action\debug\gamebg.obj
c:\users\student\desktop\desktopfile\2dactiongame\2dactiongame\directx_ver.action\debug\game.obj
c:\users\student\desktop\desktopfile\2dactiongame\2dactiongame\directx_ver.action\debug\fade.obj
c:\users\student\desktop\desktopfile\2dactiongame\2dactiongame\directx_ver.action\debug\exit.obj
c:\users\student\desktop\desktopfile\2dactiongame\2dactiongame\directx_ver.action\debug\enemy.obj
c:\users\student\desktop\desktopfile\2dactiongame\2dactiongame\directx_ver.action\debug\effect.obj
c:\users\student\desktop\desktopfile\2dactiongame\2dactiongame\directx_ver.action\debug\block.obj
c:\users\student\desktop\desktopfile\2dactiongame\2dactiongame\directx_ver.action\debug\binload.obj
c:\users\student\desktop\desktopfile\2dactiongame\2dactiongame\directx_ver.action\debug\ui_stock.obj
c:\users\student\desktop\desktopfile\2dactiongame\2dactiongame\directx_ver.action\debug\ui_star.obj
c:\users\student\desktop\desktopfile\2dactiongame\2dactiongame\directx_ver.action\debug\ui.obj
c:\users\student\desktop\desktopfile\2dactiongame\2dactiongame\directx_ver.action\debug\titlelogo.obj
c:\users\student\desktop\desktopfile\2dactiongame\2dactiongame\directx_ver.action\debug\titlebg.obj
c:\users\student\desktop\desktopfile\2dactiongame\2dactiongame\directx_ver.action\debug\directx_ver.action.ilk
c:\users\student\desktop\desktopfile\2dactiongame\2dactiongame\directx_ver.action\debug\directx_ver.action.exe
c:\users\student\desktop\desktopfile\2dactiongame\2dactiongame\directx_ver.action\debug\directx_ver.action.pdb
c:\users\student\desktop\desktopfile\2dactiongame\2dactiongame\directx_ver.action\debug\directx_.400b2465.tlog\cl.command.1.tlog
c:\users\student\desktop\desktopfile\2dactiongame\2dactiongame\directx_ver.action\debug\directx_.400b2465.tlog\cl.read.1.tlog
c:\users\student\desktop\desktopfile\2dactiongame\2dactiongame\directx_ver.action\debug\directx_.400b2465.tlog\cl.write.1.tlog
c:\users\student\desktop\desktopfile\2dactiongame\2dactiongame\directx_ver.action\debug\directx_.400b2465.tlog\link.command.1.tlog
c:\users\student\desktop\desktopfile\2dactiongame\2dactiongame\directx_ver.action\debug\directx_.400b2465.tlog\link.read.1.tlog
c:\users\student\desktop\desktopfile\2dactiongame\2dactiongame\directx_ver.action\debug\directx_.400b2465.tlog\link.write.1.tlog
